2025-07-18 02:20:11,676 - [INFO] - Attempting to generate a new email alias via SimpleLogin...
2025-07-18 02:20:14,911 - [INFO] - ✅ Generated random proxy: 'http://ihbwnvxe:uasqp5l1p4p2@207.244.217.165:6712'
2025-07-18 02:20:18,619 - [INFO] - Generated Email: retriever_anaconda424@simplelogin.com (Alias ID: 29989601)
2025-07-18 02:20:18,623 - [INFO] - Starting Webshare registration for Email: retriever_anaconda424@simplelogin.com
2025-07-18 02:20:21,053 - [INFO] - Navigating to Webshare registration page...
2025-07-18 02:20:22,889 - [INFO] - Filling out registration form...
2025-07-18 02:20:30,266 - [INFO] - Submitting registration form...
2025-07-18 02:20:34,369 - [INFO] - CAPTCHA challenge detected. Attempting to solve...
2025-07-18 02:21:11,768 - [INFO] - Switching to audio challenge...
2025-07-18 02:21:13,094 - [INFO] - Audio challenge attempt 1/3
2025-07-18 02:21:13,094 - [INFO] - Checking if evaded bot detection.
2025-07-18 02:21:13,094 - [ERROR] - Error in audio attempt loop: RecaptchaAudioSolver.check_if_caught() missing 1 required positional argument: 'frame'
Traceback (most recent call last):
  File "c:\Users\Magda\Documents\Scripts\webshare-proxy-gen\recaptcha_solver.py", line 106, in _solve_audio_challenge
    if self.check_if_caught():
       ^^^^^^^^^^^^^^^^^^^^^^
TypeError: RecaptchaAudioSolver.check_if_caught() missing 1 required positional argument: 'frame'
2025-07-18 02:21:13,100 - [INFO] - Audio challenge attempt 2/3
2025-07-18 02:21:13,100 - [INFO] - Checking if evaded bot detection.
2025-07-18 02:21:13,100 - [ERROR] - Error in audio attempt loop: RecaptchaAudioSolver.check_if_caught() missing 1 required positional argument: 'frame'
Traceback (most recent call last):
  File "c:\Users\Magda\Documents\Scripts\webshare-proxy-gen\recaptcha_solver.py", line 106, in _solve_audio_challenge
    if self.check_if_caught():
       ^^^^^^^^^^^^^^^^^^^^^^
TypeError: RecaptchaAudioSolver.check_if_caught() missing 1 required positional argument: 'frame'
2025-07-18 02:21:13,100 - [INFO] - Audio challenge attempt 3/3
2025-07-18 02:21:13,102 - [INFO] - Checking if evaded bot detection.
2025-07-18 02:21:13,103 - [ERROR] - Error in audio attempt loop: RecaptchaAudioSolver.check_if_caught() missing 1 required positional argument: 'frame'
Traceback (most recent call last):
  File "c:\Users\Magda\Documents\Scripts\webshare-proxy-gen\recaptcha_solver.py", line 106, in _solve_audio_challenge
    if self.check_if_caught():
       ^^^^^^^^^^^^^^^^^^^^^^
TypeError: RecaptchaAudioSolver.check_if_caught() missing 1 required positional argument: 'frame'
2025-07-18 02:21:13,106 - [ERROR] - Failed to solve audio challenge: Exceeded max retries for audio challenge.
Traceback (most recent call last):
  File "c:\Users\Magda\Documents\Scripts\webshare-proxy-gen\recaptcha_solver.py", line 106, in _solve_audio_challenge
    if self.check_if_caught():
       ^^^^^^^^^^^^^^^^^^^^^^
TypeError: RecaptchaAudioSolver.check_if_caught() missing 1 required positional argument: 'frame'

During handling of the above exception, another exception occurred:

Traceback (most recent call last):
  File "c:\Users\Magda\Documents\Scripts\webshare-proxy-gen\recaptcha_solver.py", line 72, in solve
    await self._solve_audio_challenge(challenge_frame)
  File "c:\Users\Magda\Documents\Scripts\webshare-proxy-gen\recaptcha_solver.py", line 140, in _solve_audio_challenge
RuntimeError: Exceeded max retries for audio challenge.
2025-07-18 02:21:13,721 - [ERROR] - Registration failed: Failed to solve CAPTCHA.
Traceback (most recent call last):
  File "c:\Users\Magda\Documents\Scripts\webshare-proxy-gen\recaptcha_solver.py", line 106, in _solve_audio_challenge
    if self.check_if_caught():
       ^^^^^^^^^^^^^^^^^^^^^^
TypeError: RecaptchaAudioSolver.check_if_caught() missing 1 required positional argument: 'frame'

During handling of the above exception, another exception occurred:

Traceback (most recent call last):
  File "c:\Users\Magda\Documents\Scripts\webshare-proxy-gen\recaptcha_solver.py", line 72, in solve
    await self._solve_audio_challenge(challenge_frame)
  File "c:\Users\Magda\Documents\Scripts\webshare-proxy-gen\recaptcha_solver.py", line 140, in _solve_audio_challenge
RuntimeError: Exceeded max retries for audio challenge.

The above exception was the direct cause of the following exception:

Traceback (most recent call last):
  File "c:\Users\Magda\Documents\Scripts\webshare-proxy-gen\main.py", line 474, in register
    self._mouse_x, self._mouse_y = await solver.solve()
                                   ^^^^^^^^^^^^^^^^^^^^
  File "c:\Users\Magda\Documents\Scripts\webshare-proxy-gen\recaptcha_solver.py", line 75, in solve
    raise RuntimeError("Failed to solve CAPTCHA.") from e
RuntimeError: Failed to solve CAPTCHA.
2025-07-18 02:21:13,721 - [ERROR] - Failed to take screenshot: Page.screenshot: Target page, context or browser has been closed
2025-07-18 02:21:13,721 - [INFO] - Cleaning up alias: retriever_anaconda424@simplelogin.com
2025-07-18 02:21:13,732 - [INFO] - ✅ Got already generated random proxy: 'http://rhbschfe:fectq6lbt30l@45.38.107.97:6014'
2025-07-18 02:21:15,391 - [INFO] - Deletion request sent for alias: retriever_anaconda424@simplelogin.com
2025-07-18 02:21:15,407 - [INFO] - Total process finished in 63.73 seconds.
