2025-07-18 02:21:15,416 - [INFO] - Attempting to generate a new email alias via SimpleLogin...
2025-07-18 02:21:17,696 - [INFO] - ✅ Generated random proxy: 'http://qxpfzwhj:ykbomuntungo@45.38.107.97:6014'
2025-07-18 02:21:21,584 - [INFO] - Generated Email: serpent_wife336@simplelogin.com (Alias ID: 29995094)
2025-07-18 02:21:21,584 - [INFO] - Starting Webshare registration for Email: serpent_wife336@simplelogin.com
2025-07-18 02:21:23,442 - [INFO] - Navigating to Webshare registration page...
2025-07-18 02:21:24,846 - [INFO] - Filling out registration form...
2025-07-18 02:21:30,363 - [INFO] - Submitting registration form...
2025-07-18 02:21:34,214 - [INFO] - CAPTCHA challenge detected. Attempting to solve...
2025-07-18 02:21:35,352 - [INFO] - Switching to audio challenge...
2025-07-18 02:21:37,722 - [INFO] - Audio challenge attempt 1/3
2025-07-18 02:21:37,722 - [INFO] - Checking if evaded bot detection.
2025-07-18 02:21:37,722 - [ERROR] - Error in audio attempt loop: RecaptchaAudioSolver.check_if_caught() missing 1 required positional argument: 'frame'
Traceback (most recent call last):
  File "c:\Users\Magda\Documents\Scripts\webshare-proxy-gen\recaptcha_solver.py", line 106, in _solve_audio_challenge
    if self.check_if_caught():
       ^^^^^^^^^^^^^^^^^^^^^^
TypeError: RecaptchaAudioSolver.check_if_caught() missing 1 required positional argument: 'frame'
2025-07-18 02:21:37,724 - [INFO] - Audio challenge attempt 2/3
2025-07-18 02:21:37,724 - [INFO] - Checking if evaded bot detection.
2025-07-18 02:21:37,724 - [ERROR] - Error in audio attempt loop: RecaptchaAudioSolver.check_if_caught() missing 1 required positional argument: 'frame'
Traceback (most recent call last):
  File "c:\Users\Magda\Documents\Scripts\webshare-proxy-gen\recaptcha_solver.py", line 106, in _solve_audio_challenge
    if self.check_if_caught():
       ^^^^^^^^^^^^^^^^^^^^^^
TypeError: RecaptchaAudioSolver.check_if_caught() missing 1 required positional argument: 'frame'
2025-07-18 02:21:37,724 - [INFO] - Audio challenge attempt 3/3
2025-07-18 02:21:37,724 - [INFO] - Checking if evaded bot detection.
2025-07-18 02:21:37,724 - [ERROR] - Error in audio attempt loop: RecaptchaAudioSolver.check_if_caught() missing 1 required positional argument: 'frame'
Traceback (most recent call last):
  File "c:\Users\Magda\Documents\Scripts\webshare-proxy-gen\recaptcha_solver.py", line 106, in _solve_audio_challenge
    if self.check_if_caught():
       ^^^^^^^^^^^^^^^^^^^^^^
TypeError: RecaptchaAudioSolver.check_if_caught() missing 1 required positional argument: 'frame'
2025-07-18 02:21:37,724 - [ERROR] - Failed to solve audio challenge: Exceeded max retries for audio challenge.
Traceback (most recent call last):
  File "c:\Users\Magda\Documents\Scripts\webshare-proxy-gen\recaptcha_solver.py", line 106, in _solve_audio_challenge
    if self.check_if_caught():
       ^^^^^^^^^^^^^^^^^^^^^^
TypeError: RecaptchaAudioSolver.check_if_caught() missing 1 required positional argument: 'frame'

During handling of the above exception, another exception occurred:

Traceback (most recent call last):
  File "c:\Users\Magda\Documents\Scripts\webshare-proxy-gen\recaptcha_solver.py", line 72, in solve
    await self._solve_audio_challenge(challenge_frame)
  File "c:\Users\Magda\Documents\Scripts\webshare-proxy-gen\recaptcha_solver.py", line 140, in _solve_audio_challenge
RuntimeError: Exceeded max retries for audio challenge.
2025-07-18 02:21:38,140 - [ERROR] - Registration failed: Failed to solve CAPTCHA.
Traceback (most recent call last):
  File "c:\Users\Magda\Documents\Scripts\webshare-proxy-gen\recaptcha_solver.py", line 106, in _solve_audio_challenge
    if self.check_if_caught():
       ^^^^^^^^^^^^^^^^^^^^^^
TypeError: RecaptchaAudioSolver.check_if_caught() missing 1 required positional argument: 'frame'

During handling of the above exception, another exception occurred:

Traceback (most recent call last):
  File "c:\Users\Magda\Documents\Scripts\webshare-proxy-gen\recaptcha_solver.py", line 72, in solve
    await self._solve_audio_challenge(challenge_frame)
  File "c:\Users\Magda\Documents\Scripts\webshare-proxy-gen\recaptcha_solver.py", line 140, in _solve_audio_challenge
RuntimeError: Exceeded max retries for audio challenge.

The above exception was the direct cause of the following exception:

Traceback (most recent call last):
  File "c:\Users\Magda\Documents\Scripts\webshare-proxy-gen\main.py", line 474, in register
    self._mouse_x, self._mouse_y = await solver.solve()
                                   ^^^^^^^^^^^^^^^^^^^^
  File "c:\Users\Magda\Documents\Scripts\webshare-proxy-gen\recaptcha_solver.py", line 75, in solve
    raise RuntimeError("Failed to solve CAPTCHA.") from e
RuntimeError: Failed to solve CAPTCHA.
2025-07-18 02:21:38,140 - [ERROR] - Failed to take screenshot: Page.screenshot: Target page, context or browser has been closed
2025-07-18 02:21:38,140 - [INFO] - Cleaning up alias: serpent_wife336@simplelogin.com
2025-07-18 02:21:38,140 - [INFO] - ✅ Got already generated random proxy: 'http://fruscfff:9w55b4egopav@136.0.207.84:6661'
2025-07-18 02:21:40,987 - [INFO] - Deletion request sent for alias: serpent_wife336@simplelogin.com
2025-07-18 02:21:40,998 - [INFO] - Total process finished in 25.58 seconds.
